[32m18 12 2025 12:32:04.773:INFO [karma-server]: [39mKarma v6.4.4 server started at http://localhost:9877/
[32m18 12 2025 12:32:04.776:INFO [launcher]: [39mLaunching browsers ChromeHeadlessNoSandbox with concurrency unlimited
[32m18 12 2025 12:32:04.784:INFO [launcher]: [39mStarting browser ChromeHeadless
[32m18 12 2025 12:32:06.097:INFO [Chrome Headless 143.0.0.0 (Windows 10)]: [39mConnected on socket Zr4gel2mmmfznKhmAAAB with id 41780318
Chrome Headless 143.0.0.0 (Windows 10): Executed 0 of 38[32m SUCCESS[39m (0 secs / 0 secs)
[1A[2K[31mChrome Headless 143.0.0.0 (Windows 10) EmployeesPage should handle error during search FAILED[39m
	Expected true to be false.
	    at <Jasmine>
	    at UserContext.apply (src/app/presentation/pages/employees/employees.page.spec.ts:116:33)
	    at _ZoneDelegate.invoke (node_modules/zone.js/fesm2015/zone.js:398:28)
	    at ProxyZoneSpec.onInvoke (node_modules/zone.js/fesm2015/zone-testing.js:2132:39)
	    at _ZoneDelegate.invoke (node_modules/zone.js/fesm2015/zone.js:397:34)
	Expected spy error to have been called.
	    at <Jasmine>
	    at UserContext.apply (src/app/presentation/pages/employees/employees.page.spec.ts:117:27)
	    at _ZoneDelegate.invoke (node_modules/zone.js/fesm2015/zone.js:398:28)
	    at ProxyZoneSpec.onInvoke (node_modules/zone.js/fesm2015/zone-testing.js:2132:39)
	    at _ZoneDelegate.invoke (node_modules/zone.js/fesm2015/zone.js:397:34)
Chrome Headless 143.0.0.0 (Windows 10): Executed 1 of 38[31m (1 FAILED)[39m (0 secs / 0.1 secs)
[1A[2KChrome Headless 143.0.0.0 (Windows 10): Executed 2 of 38[31m (1 FAILED)[39m (0 secs / 0.112 secs)
[1A[2KChrome Headless 143.0.0.0 (Windows 10): Executed 3 of 38[31m (1 FAILED)[39m (0 secs / 0.128 secs)
[1A[2KChrome Headless 143.0.0.0 (Windows 10): Executed 4 of 38[31m (1 FAILED)[39m (0 secs / 0.138 secs)
[1A[2K[31mChrome Headless 143.0.0.0 (Windows 10) EmployeesPage should handle error when loading employees FAILED[39m
	Expected true to be false.
	    at <Jasmine>
	    at UserContext.apply (src/app/presentation/pages/employees/employees.page.spec.ts:68:33)
	    at _ZoneDelegate.invoke (node_modules/zone.js/fesm2015/zone.js:398:28)
	    at ProxyZoneSpec.onInvoke (node_modules/zone.js/fesm2015/zone-testing.js:2132:39)
	    at _ZoneDelegate.invoke (node_modules/zone.js/fesm2015/zone.js:397:34)
	Expected spy error to have been called.
	    at <Jasmine>
	    at UserContext.apply (src/app/presentation/pages/employees/employees.page.spec.ts:69:27)
	    at _ZoneDelegate.invoke (node_modules/zone.js/fesm2015/zone.js:398:28)
	    at ProxyZoneSpec.onInvoke (node_modules/zone.js/fesm2015/zone-testing.js:2132:39)
	    at _ZoneDelegate.invoke (node_modules/zone.js/fesm2015/zone.js:397:34)
Chrome Headless 143.0.0.0 (Windows 10): Executed 5 of 38[31m (2 FAILED)[39m (0 secs / 0.171 secs)
[1A[2KChrome Headless 143.0.0.0 (Windows 10): Executed 6 of 38[31m (2 FAILED)[39m (0 secs / 0.182 secs)
[1A[2KChrome Headless 143.0.0.0 (Windows 10): Executed 7 of 38[31m (2 FAILED)[39m (0 secs / 0.189 secs)
[1A[2KChrome Headless 143.0.0.0 (Windows 10): Executed 8 of 38[31m (2 FAILED)[39m (0 secs / 0.197 secs)
[1A[2KChrome Headless 143.0.0.0 (Windows 10): Executed 9 of 38[31m (2 FAILED)[39m (0 secs / 0.212 secs)
[1A[2KChrome Headless 143.0.0.0 (Windows 10): Executed 10 of 38[31m (2 FAILED)[39m (0 secs / 0.221 secs)
[1A[2KChrome Headless 143.0.0.0 (Windows 10): Executed 11 of 38[31m (2 FAILED)[39m (0 secs / 0.23 secs)
[1A[2KChrome Headless 143.0.0.0 (Windows 10): Executed 11 of 38[31m (2 FAILED)[39m (skipped 27) (0.299 secs / 0.23 secs)
[31mTOTAL: 2 FAILED, 9 SUCCESS[39m
